<?xml version="1.0" encoding="utf-8"?>
<TestRun id="024f5774-d080-40c5-9476-8bdcc5c73449" name="LV-INGURL-007$@LV-INGURL-007 2022-11-24 11:57:35" runUser="NT AUTHORITY\SYSTEM" xmlns="http://microsoft.com/schemas/VisualStudio/TeamTest/2010">
  <Times creation="2022-11-24T11:57:35.3812240+05:30" queuing="2022-11-24T11:57:35.3812248+05:30" start="2022-11-24T11:57:34.1884447+05:30" finish="2022-11-24T11:57:35.4064848+05:30" />
  <TestSettings name="default" id="0bfd9174-e833-4fd8-a601-3222dbbbd693">
    <Deployment runDeploymentRoot="LV-INGURL-007$_LV-INGURL-007_2022-11-24_11_57_35" />
  </TestSettings>
  <Results>
    <UnitTestResult executionId="364ebb3b-d19e-49f1-b738-0c2a51a197bb" testId="ad383419-2762-983c-2c09-b211dde9660a" testName="Test1_CalculatorForDividingARandomNumberWith2" computerName="LV-INGURL-007" duration="00:00:00.0632220" startTime="2022-11-24T11:57:35.1663091+05:30" endTime="2022-11-24T11:57:35.2295293+05:30" testType="13cdc9d9-ddb5-4fa4-a97d-d965ccfc6d4b" outcome="Failed" testListId="8c84fa94-04c1-424b-9868-57a2d4851a1d" relativeResultsDirectory="364ebb3b-d19e-49f1-b738-0c2a51a197bb">
      <Output>
        <StdOut>Given Divide a random number with 2&#xD;
Environment.CurrentDirectoryC:\ProgramData\Jenkins\.jenkins\workspace\TestSuite\Test.Test\bin\Release\netcoreapp3.1&#xD;
33&#xD;
-&gt; done: CalculatorSteps.GivenDivideARandomNumberWith() (0.0s)&#xD;
Then Remainder should be 0&#xD;
-&gt; error:   Expected: 0&#xD;
  But was:  1&#xD;
 (0.0s)</StdOut>
        <ErrorInfo>
          <Message>  Expected: 0&#xD;
  But was:  1&#xD;
</Message>
          <StackTrace>   at Test.CalculatorSteps.ThenRemainderShouldBe(Int32 expectedResult) in C:\ProgramData\Jenkins\.jenkins\workspace\TestSuite\Test.Test\CalculatorSteps.cs:line 69&#xD;
   at TechTalk.SpecFlow.Bindings.BindingInvoker.InvokeBinding(IBinding binding, IContextManager contextManager, Object[] arguments, ITestTracer testTracer, TimeSpan&amp; duration)&#xD;
   at TechTalk.SpecFlow.Infrastructure.TestExecutionEngine.ExecuteStepMatch(BindingMatch match, Object[] arguments, TimeSpan&amp; duration)&#xD;
   at TechTalk.SpecFlow.Infrastructure.TestExecutionEngine.ExecuteStep(IContextManager contextManager, StepInstance stepInstance)&#xD;
   at TechTalk.SpecFlow.Infrastructure.TestExecutionEngine.OnAfterLastStep()&#xD;
   at TechTalk.SpecFlow.TestRunner.CollectScenarioErrors()&#xD;
   at Test.Test.FeatureFile.Calculator_Flake1Feature.ScenarioCleanup()&#xD;
   at Test.Test.FeatureFile.Calculator_Flake1Feature.Test1_CalculatorForDividingARandomNumberWith2() in C:\ProgramData\Jenkins\.jenkins\workspace\TestSuite\Test.Test\FeatureFile\Calculator_Flake1.feature:line 7&#xD;
</StackTrace>
        </ErrorInfo>
      </Output>
    </UnitTestResult>
    <UnitTestResult executionId="c9728e58-e545-4976-a582-f4dbf72f0b55" testId="f5f858dc-a3e3-974e-1ada-eaeeaac47b34" testName="Test3_CalculatorForDividingARandomNumberWith2" computerName="LV-INGURL-007" duration="00:00:00.0243600" startTime="2022-11-24T11:57:35.1663364+05:30" endTime="2022-11-24T11:57:35.1906967+05:30" testType="13cdc9d9-ddb5-4fa4-a97d-d965ccfc6d4b" outcome="Passed" testListId="8c84fa94-04c1-424b-9868-57a2d4851a1d" relativeResultsDirectory="c9728e58-e545-4976-a582-f4dbf72f0b55">
      <Output>
        <StdOut>Given Divide a random number with 2&#xD;
Environment.CurrentDirectoryC:\ProgramData\Jenkins\.jenkins\workspace\TestSuite\Test.Test\bin\Release\netcoreapp3.1&#xD;
34&#xD;
-&gt; done: CalculatorSteps.GivenDivideARandomNumberWith() (0.0s)&#xD;
Then Remainder should be 0&#xD;
-&gt; done: CalculatorSteps.ThenRemainderShouldBe(0) (0.0s)</StdOut>
      </Output>
    </UnitTestResult>
    <UnitTestResult executionId="685756ae-2420-41e5-9ffd-f9405cafcb92" testId="b5a7aba9-2b62-b0dc-0bca-3b24feed27b6" testName="Test2_CalculatorForDividingARandomNumberWith2" computerName="LV-INGURL-007" duration="00:00:00.0633280" startTime="2022-11-24T11:57:35.1662027+05:30" endTime="2022-11-24T11:57:35.2295292+05:30" testType="13cdc9d9-ddb5-4fa4-a97d-d965ccfc6d4b" outcome="Failed" testListId="8c84fa94-04c1-424b-9868-57a2d4851a1d" relativeResultsDirectory="685756ae-2420-41e5-9ffd-f9405cafcb92">
      <Output>
        <StdOut>Given Divide a random number with 2&#xD;
Environment.CurrentDirectoryC:\ProgramData\Jenkins\.jenkins\workspace\TestSuite\Test.Test\bin\Release\netcoreapp3.1&#xD;
15&#xD;
-&gt; done: CalculatorSteps.GivenDivideARandomNumberWith() (0.0s)&#xD;
Then Remainder should be 0&#xD;
-&gt; error:   Expected: 0&#xD;
  But was:  1&#xD;
 (0.0s)</StdOut>
        <ErrorInfo>
          <Message>  Expected: 0&#xD;
  But was:  1&#xD;
</Message>
          <StackTrace>   at Test.CalculatorSteps.ThenRemainderShouldBe(Int32 expectedResult) in C:\ProgramData\Jenkins\.jenkins\workspace\TestSuite\Test.Test\CalculatorSteps.cs:line 69&#xD;
   at TechTalk.SpecFlow.Bindings.BindingInvoker.InvokeBinding(IBinding binding, IContextManager contextManager, Object[] arguments, ITestTracer testTracer, TimeSpan&amp; duration)&#xD;
   at TechTalk.SpecFlow.Infrastructure.TestExecutionEngine.ExecuteStepMatch(BindingMatch match, Object[] arguments, TimeSpan&amp; duration)&#xD;
   at TechTalk.SpecFlow.Infrastructure.TestExecutionEngine.ExecuteStep(IContextManager contextManager, StepInstance stepInstance)&#xD;
   at TechTalk.SpecFlow.Infrastructure.TestExecutionEngine.OnAfterLastStep()&#xD;
   at TechTalk.SpecFlow.TestRunner.CollectScenarioErrors()&#xD;
   at Test.Test.FeatureFile.Calculator_Flake2Feature.ScenarioCleanup()&#xD;
   at Test.Test.FeatureFile.Calculator_Flake2Feature.Test2_CalculatorForDividingARandomNumberWith2() in C:\ProgramData\Jenkins\.jenkins\workspace\TestSuite\Test.Test\FeatureFile\Calculator_Flake2.feature:line 7&#xD;
</StackTrace>
        </ErrorInfo>
      </Output>
    </UnitTestResult>
    <UnitTestResult executionId="4a205a79-a4e6-448a-a199-32f5528bfa49" testId="1d74c3ca-c3e9-b673-b776-b5b156dfbc38" testName="SimpleCalculatorForSubstractingTwoNumbers" computerName="LV-INGURL-007" duration="00:00:00.0243899" startTime="2022-11-24T11:57:35.1663075+05:30" endTime="2022-11-24T11:57:35.1906970+05:30" testType="13cdc9d9-ddb5-4fa4-a97d-d965ccfc6d4b" outcome="Passed" testListId="8c84fa94-04c1-424b-9868-57a2d4851a1d" relativeResultsDirectory="4a205a79-a4e6-448a-a199-32f5528bfa49">
      <Output>
        <StdOut>Given the first number is 80&#xD;
-&gt; done: CalculatorSteps.GivenTheFirstNumberIs(80) (0.0s)&#xD;
And the second number is 70&#xD;
-&gt; done: CalculatorSteps.GivenTheSecondNumberIs(70) (0.0s)&#xD;
When the two numbers are substracted&#xD;
-&gt; done: CalculatorSteps.WhenTheTwoNumbersAreSubstracted() (0.0s)&#xD;
Then the result should be 10&#xD;
-&gt; done: CalculatorSteps.ThenTheResultShouldBe(10) (0.0s)</StdOut>
      </Output>
    </UnitTestResult>
    <UnitTestResult executionId="d5fa0555-0401-411c-8c84-7ced416b18cd" testId="750c85db-ec0e-b268-c109-589b6a936c3e" testName="SimpleCalculatorForAddingTwoNumbers" computerName="LV-INGURL-007" duration="00:00:00.0243670" startTime="2022-11-24T11:57:35.1663310+05:30" endTime="2022-11-24T11:57:35.1906981+05:30" testType="13cdc9d9-ddb5-4fa4-a97d-d965ccfc6d4b" outcome="Passed" testListId="8c84fa94-04c1-424b-9868-57a2d4851a1d" relativeResultsDirectory="d5fa0555-0401-411c-8c84-7ced416b18cd">
      <Output>
        <StdOut>Given the first number is 50&#xD;
-&gt; done: CalculatorSteps.GivenTheFirstNumberIs(50) (0.0s)&#xD;
And the second number is 70&#xD;
-&gt; done: CalculatorSteps.GivenTheSecondNumberIs(70) (0.0s)&#xD;
When the two numbers are added&#xD;
-&gt; done: CalculatorSteps.WhenTheTwoNumbersAreAdded() (0.0s)&#xD;
Then the result should be 120&#xD;
-&gt; done: CalculatorSteps.ThenTheResultShouldBe(120) (0.0s)</StdOut>
      </Output>
    </UnitTestResult>
    <UnitTestResult executionId="6b698dd9-3101-40c4-8b3e-053c235c5e08" testId="e25d8fb7-086c-4a70-2fda-ea4316037cec" testName="ReadTestResultFile" computerName="LV-INGURL-007" duration="00:00:00.0213480" startTime="2022-11-24T11:57:35.1662396+05:30" endTime="2022-11-24T11:57:35.1875166+05:30" testType="13cdc9d9-ddb5-4fa4-a97d-d965ccfc6d4b" outcome="Passed" testListId="8c84fa94-04c1-424b-9868-57a2d4851a1d" relativeResultsDirectory="6b698dd9-3101-40c4-8b3e-053c235c5e08">
      <Output>
        <StdOut>Given Read Test Result File&#xD;
-&gt; done: CalculatorSteps.GivenReadTestResultFile() (0.0s)</StdOut>
      </Output>
    </UnitTestResult>
    <UnitTestResult executionId="e781c930-407a-4688-a419-878f330470f1" testId="4cb5086a-775f-c2e5-de86-96b63ffc6a63" testName="CalculatorForDividingARandomNumberWith2" computerName="LV-INGURL-007" duration="00:00:00.0632310" startTime="2022-11-24T11:57:35.1663001+05:30" endTime="2022-11-24T11:57:35.2295292+05:30" testType="13cdc9d9-ddb5-4fa4-a97d-d965ccfc6d4b" outcome="Failed" testListId="8c84fa94-04c1-424b-9868-57a2d4851a1d" relativeResultsDirectory="e781c930-407a-4688-a419-878f330470f1">
      <Output>
        <StdOut>Given Divide a random number with 2&#xD;
Environment.CurrentDirectoryC:\ProgramData\Jenkins\.jenkins\workspace\TestSuite\Test.Test\bin\Release\netcoreapp3.1&#xD;
47&#xD;
-&gt; done: CalculatorSteps.GivenDivideARandomNumberWith() (0.0s)&#xD;
Then Remainder should be 0&#xD;
-&gt; error:   Expected: 0&#xD;
  But was:  1&#xD;
 (0.0s)</StdOut>
        <ErrorInfo>
          <Message>  Expected: 0&#xD;
  But was:  1&#xD;
</Message>
          <StackTrace>   at Test.CalculatorSteps.ThenRemainderShouldBe(Int32 expectedResult) in C:\ProgramData\Jenkins\.jenkins\workspace\TestSuite\Test.Test\CalculatorSteps.cs:line 69&#xD;
   at TechTalk.SpecFlow.Bindings.BindingInvoker.InvokeBinding(IBinding binding, IContextManager contextManager, Object[] arguments, ITestTracer testTracer, TimeSpan&amp; duration)&#xD;
   at TechTalk.SpecFlow.Infrastructure.TestExecutionEngine.ExecuteStepMatch(BindingMatch match, Object[] arguments, TimeSpan&amp; duration)&#xD;
   at TechTalk.SpecFlow.Infrastructure.TestExecutionEngine.ExecuteStep(IContextManager contextManager, StepInstance stepInstance)&#xD;
   at TechTalk.SpecFlow.Infrastructure.TestExecutionEngine.OnAfterLastStep()&#xD;
   at TechTalk.SpecFlow.TestRunner.CollectScenarioErrors()&#xD;
   at Test.Test.FeatureFile.Calculator_FlakeFeature.ScenarioCleanup()&#xD;
   at Test.Test.FeatureFile.Calculator_FlakeFeature.CalculatorForDividingARandomNumberWith2() in C:\ProgramData\Jenkins\.jenkins\workspace\TestSuite\Test.Test\FeatureFile\Calculator_Flake.feature:line 7&#xD;
</StackTrace>
        </ErrorInfo>
      </Output>
    </UnitTestResult>
    <UnitTestResult executionId="14d7993b-f595-4cb3-9043-6e82f71ffb40" testId="3f89996f-60ec-61ea-2b5c-162667f56756" testName="SimpleCalculatorForMultiplyingTwoNumbers" computerName="LV-INGURL-007" duration="00:00:00.0243780" startTime="2022-11-24T11:57:35.1663204+05:30" endTime="2022-11-24T11:57:35.1906981+05:30" testType="13cdc9d9-ddb5-4fa4-a97d-d965ccfc6d4b" outcome="Passed" testListId="8c84fa94-04c1-424b-9868-57a2d4851a1d" relativeResultsDirectory="14d7993b-f595-4cb3-9043-6e82f71ffb40">
      <Output>
        <StdOut>Given the first number is 10&#xD;
-&gt; done: CalculatorSteps.GivenTheFirstNumberIs(10) (0.0s)&#xD;
And the second number is 5&#xD;
-&gt; done: CalculatorSteps.GivenTheSecondNumberIs(5) (0.0s)&#xD;
When the two numbers are multiplied&#xD;
-&gt; done: CalculatorSteps.WhenTheTwoNumbersAreMultiplied() (0.0s)&#xD;
Then the result should be 50&#xD;
-&gt; done: CalculatorSteps.ThenTheResultShouldBe(50) (0.0s)</StdOut>
      </Output>
    </UnitTestResult>
  </Results>
  <TestDefinitions>
    <UnitTest name="CalculatorForDividingARandomNumberWith2" storage="c:\programdata\jenkins\.jenkins\workspace\testsuite\test.test\bin\release\netcoreapp3.1\test.test.dll" id="4cb5086a-775f-c2e5-de86-96b63ffc6a63">
      <Execution id="e781c930-407a-4688-a419-878f330470f1" />
      <TestMethod codeBase="C:\ProgramData\Jenkins\.jenkins\workspace\TestSuite\Test.Test\bin\Release\netcoreapp3.1\Test.Test.dll" adapterTypeName="executor://nunit3testexecutor/" className="Test.Test.FeatureFile.Calculator_FlakeFeature" name="CalculatorForDividingARandomNumberWith2" />
    </UnitTest>
    <UnitTest name="Test3_CalculatorForDividingARandomNumberWith2" storage="c:\programdata\jenkins\.jenkins\workspace\testsuite\test.test\bin\release\netcoreapp3.1\test.test.dll" id="f5f858dc-a3e3-974e-1ada-eaeeaac47b34">
      <Execution id="c9728e58-e545-4976-a582-f4dbf72f0b55" />
      <TestMethod codeBase="C:\ProgramData\Jenkins\.jenkins\workspace\TestSuite\Test.Test\bin\Release\netcoreapp3.1\Test.Test.dll" adapterTypeName="executor://nunit3testexecutor/" className="Test.Test.FeatureFile.Calculator_Flake3Feature" name="Test3_CalculatorForDividingARandomNumberWith2" />
    </UnitTest>
    <UnitTest name="SimpleCalculatorForMultiplyingTwoNumbers" storage="c:\programdata\jenkins\.jenkins\workspace\testsuite\test.test\bin\release\netcoreapp3.1\test.test.dll" id="3f89996f-60ec-61ea-2b5c-162667f56756">
      <Execution id="14d7993b-f595-4cb3-9043-6e82f71ffb40" />
      <TestMethod codeBase="C:\ProgramData\Jenkins\.jenkins\workspace\TestSuite\Test.Test\bin\Release\netcoreapp3.1\Test.Test.dll" adapterTypeName="executor://nunit3testexecutor/" className="Test.Test.FeatureFile.Calculator_MultiplyFeature" name="SimpleCalculatorForMultiplyingTwoNumbers" />
    </UnitTest>
    <UnitTest name="ReadTestResultFile" storage="c:\programdata\jenkins\.jenkins\workspace\testsuite\test.test\bin\release\netcoreapp3.1\test.test.dll" id="e25d8fb7-086c-4a70-2fda-ea4316037cec">
      <Execution id="6b698dd9-3101-40c4-8b3e-053c235c5e08" />
      <TestMethod codeBase="C:\ProgramData\Jenkins\.jenkins\workspace\TestSuite\Test.Test\bin\Release\netcoreapp3.1\Test.Test.dll" adapterTypeName="executor://nunit3testexecutor/" className="Test.Test.FeatureFile.Calculator_TestResultFeature" name="ReadTestResultFile" />
    </UnitTest>
    <UnitTest name="Test1_CalculatorForDividingARandomNumberWith2" storage="c:\programdata\jenkins\.jenkins\workspace\testsuite\test.test\bin\release\netcoreapp3.1\test.test.dll" id="ad383419-2762-983c-2c09-b211dde9660a">
      <Execution id="364ebb3b-d19e-49f1-b738-0c2a51a197bb" />
      <TestMethod codeBase="C:\ProgramData\Jenkins\.jenkins\workspace\TestSuite\Test.Test\bin\Release\netcoreapp3.1\Test.Test.dll" adapterTypeName="executor://nunit3testexecutor/" className="Test.Test.FeatureFile.Calculator_Flake1Feature" name="Test1_CalculatorForDividingARandomNumberWith2" />
    </UnitTest>
    <UnitTest name="SimpleCalculatorForSubstractingTwoNumbers" storage="c:\programdata\jenkins\.jenkins\workspace\testsuite\test.test\bin\release\netcoreapp3.1\test.test.dll" id="1d74c3ca-c3e9-b673-b776-b5b156dfbc38">
      <Execution id="4a205a79-a4e6-448a-a199-32f5528bfa49" />
      <TestMethod codeBase="C:\ProgramData\Jenkins\.jenkins\workspace\TestSuite\Test.Test\bin\Release\netcoreapp3.1\Test.Test.dll" adapterTypeName="executor://nunit3testexecutor/" className="Test.Test.FeatureFile.Calculator_SubstractFeature" name="SimpleCalculatorForSubstractingTwoNumbers" />
    </UnitTest>
    <UnitTest name="SimpleCalculatorForAddingTwoNumbers" storage="c:\programdata\jenkins\.jenkins\workspace\testsuite\test.test\bin\release\netcoreapp3.1\test.test.dll" id="750c85db-ec0e-b268-c109-589b6a936c3e">
      <Execution id="d5fa0555-0401-411c-8c84-7ced416b18cd" />
      <TestMethod codeBase="C:\ProgramData\Jenkins\.jenkins\workspace\TestSuite\Test.Test\bin\Release\netcoreapp3.1\Test.Test.dll" adapterTypeName="executor://nunit3testexecutor/" className="Test.Test.FeatureFile.Calculator_AddFeature" name="SimpleCalculatorForAddingTwoNumbers" />
    </UnitTest>
    <UnitTest name="Test2_CalculatorForDividingARandomNumberWith2" storage="c:\programdata\jenkins\.jenkins\workspace\testsuite\test.test\bin\release\netcoreapp3.1\test.test.dll" id="b5a7aba9-2b62-b0dc-0bca-3b24feed27b6">
      <Execution id="685756ae-2420-41e5-9ffd-f9405cafcb92" />
      <TestMethod codeBase="C:\ProgramData\Jenkins\.jenkins\workspace\TestSuite\Test.Test\bin\Release\netcoreapp3.1\Test.Test.dll" adapterTypeName="executor://nunit3testexecutor/" className="Test.Test.FeatureFile.Calculator_Flake2Feature" name="Test2_CalculatorForDividingARandomNumberWith2" />
    </UnitTest>
  </TestDefinitions>
  <TestEntries>
    <TestEntry testId="ad383419-2762-983c-2c09-b211dde9660a" executionId="364ebb3b-d19e-49f1-b738-0c2a51a197bb" testListId="8c84fa94-04c1-424b-9868-57a2d4851a1d" />
    <TestEntry testId="f5f858dc-a3e3-974e-1ada-eaeeaac47b34" executionId="c9728e58-e545-4976-a582-f4dbf72f0b55" testListId="8c84fa94-04c1-424b-9868-57a2d4851a1d" />
    <TestEntry testId="b5a7aba9-2b62-b0dc-0bca-3b24feed27b6" executionId="685756ae-2420-41e5-9ffd-f9405cafcb92" testListId="8c84fa94-04c1-424b-9868-57a2d4851a1d" />
    <TestEntry testId="1d74c3ca-c3e9-b673-b776-b5b156dfbc38" executionId="4a205a79-a4e6-448a-a199-32f5528bfa49" testListId="8c84fa94-04c1-424b-9868-57a2d4851a1d" />
    <TestEntry testId="750c85db-ec0e-b268-c109-589b6a936c3e" executionId="d5fa0555-0401-411c-8c84-7ced416b18cd" testListId="8c84fa94-04c1-424b-9868-57a2d4851a1d" />
    <TestEntry testId="e25d8fb7-086c-4a70-2fda-ea4316037cec" executionId="6b698dd9-3101-40c4-8b3e-053c235c5e08" testListId="8c84fa94-04c1-424b-9868-57a2d4851a1d" />
    <TestEntry testId="4cb5086a-775f-c2e5-de86-96b63ffc6a63" executionId="e781c930-407a-4688-a419-878f330470f1" testListId="8c84fa94-04c1-424b-9868-57a2d4851a1d" />
    <TestEntry testId="3f89996f-60ec-61ea-2b5c-162667f56756" executionId="14d7993b-f595-4cb3-9043-6e82f71ffb40" testListId="8c84fa94-04c1-424b-9868-57a2d4851a1d" />
  </TestEntries>
  <TestLists>
    <TestList name="Results Not in a List" id="8c84fa94-04c1-424b-9868-57a2d4851a1d" />
    <TestList name="All Loaded Results" id="19431567-8539-422a-85d7-44ee4e166bda" />
  </TestLists>
  <ResultSummary outcome="Failed">
    <Counters total="8" executed="8" passed="5" failed="3" error="0" timeout="0" aborted="0" inconclusive="0" passedButRunAborted="0" notRunnable="0" notExecuted="0" disconnected="0" warning="0" completed="0" inProgress="0" pending="0" />
    <Output>
      <StdOut>NUnit Adapter 4.0.0.0: Test execution started&#xD;
Running all tests in C:\ProgramData\Jenkins\.jenkins\workspace\TestSuite\Test.Test\bin\Release\netcoreapp3.1\Test.Test.dll&#xD;
   NUnit3TestExecutor discovered 8 of 8 NUnit test cases using Current Discovery mode, Non-Explicit run&#xD;
Given Read Test Result File&#xD;
-&gt; done: CalculatorSteps.GivenReadTestResultFile() (0.0s)&#xD;
&#xD;
Given Divide a random number with 2&#xD;
Environment.CurrentDirectoryC:\ProgramData\Jenkins\.jenkins\workspace\TestSuite\Test.Test\bin\Release\netcoreapp3.1&#xD;
34&#xD;
-&gt; done: CalculatorSteps.GivenDivideARandomNumberWith() (0.0s)&#xD;
Then Remainder should be 0&#xD;
-&gt; done: CalculatorSteps.ThenRemainderShouldBe(0) (0.0s)&#xD;
&#xD;
Given the first number is 80&#xD;
-&gt; done: CalculatorSteps.GivenTheFirstNumberIs(80) (0.0s)&#xD;
And the second number is 70&#xD;
-&gt; done: CalculatorSteps.GivenTheSecondNumberIs(70) (0.0s)&#xD;
When the two numbers are substracted&#xD;
-&gt; done: CalculatorSteps.WhenTheTwoNumbersAreSubstracted() (0.0s)&#xD;
Then the result should be 10&#xD;
-&gt; done: CalculatorSteps.ThenTheResultShouldBe(10) (0.0s)&#xD;
&#xD;
Given the first number is 50&#xD;
-&gt; done: CalculatorSteps.GivenTheFirstNumberIs(50) (0.0s)&#xD;
And the second number is 70&#xD;
-&gt; done: CalculatorSteps.GivenTheSecondNumberIs(70) (0.0s)&#xD;
When the two numbers are added&#xD;
-&gt; done: CalculatorSteps.WhenTheTwoNumbersAreAdded() (0.0s)&#xD;
Then the result should be 120&#xD;
-&gt; done: CalculatorSteps.ThenTheResultShouldBe(120) (0.0s)&#xD;
&#xD;
Given the first number is 10&#xD;
-&gt; done: CalculatorSteps.GivenTheFirstNumberIs(10) (0.0s)&#xD;
And the second number is 5&#xD;
-&gt; done: CalculatorSteps.GivenTheSecondNumberIs(5) (0.0s)&#xD;
When the two numbers are multiplied&#xD;
-&gt; done: CalculatorSteps.WhenTheTwoNumbersAreMultiplied() (0.0s)&#xD;
Then the result should be 50&#xD;
-&gt; done: CalculatorSteps.ThenTheResultShouldBe(50) (0.0s)&#xD;
&#xD;
Given Divide a random number with 2&#xD;
Environment.CurrentDirectoryC:\ProgramData\Jenkins\.jenkins\workspace\TestSuite\Test.Test\bin\Release\netcoreapp3.1&#xD;
15&#xD;
-&gt; done: CalculatorSteps.GivenDivideARandomNumberWith() (0.0s)&#xD;
Then Remainder should be 0&#xD;
-&gt; error:   Expected: 0&#xD;
  But was:  1&#xD;
 (0.0s)&#xD;
&#xD;
Given Divide a random number with 2&#xD;
Environment.CurrentDirectoryC:\ProgramData\Jenkins\.jenkins\workspace\TestSuite\Test.Test\bin\Release\netcoreapp3.1&#xD;
33&#xD;
-&gt; done: CalculatorSteps.GivenDivideARandomNumberWith() (0.0s)&#xD;
Then Remainder should be 0&#xD;
-&gt; error:   Expected: 0&#xD;
  But was:  1&#xD;
 (0.0s)&#xD;
&#xD;
Given Divide a random number with 2&#xD;
Environment.CurrentDirectoryC:\ProgramData\Jenkins\.jenkins\workspace\TestSuite\Test.Test\bin\Release\netcoreapp3.1&#xD;
47&#xD;
-&gt; done: CalculatorSteps.GivenDivideARandomNumberWith() (0.0s)&#xD;
Then Remainder should be 0&#xD;
-&gt; error:   Expected: 0&#xD;
  But was:  1&#xD;
 (0.0s)&#xD;
&#xD;
NUnit Adapter 4.0.0.0: Test execution complete&#xD;
</StdOut>
    </Output>
  </ResultSummary>
</TestRun>